// Vitest Snapshot v1, https://vitest.dev/guide/snapshot.html

exports[`Preview 1`] = `
<p data-field="validation">
  Dette er en valideringsmelding.
</p>
`;
