// Vitest Snapshot v1, https://vitest.dev/guide/snapshot.html

exports[`Preview 1`] = `
<label data-weight="medium">
  Vennligst skriv inn f√∏dselsnummer. 11 tegn
</label>
`;
