// Jest Snapshot v1, https://goo.gl/fbAQLP

exports[`Badge Preview smoke-test 1`] = `
<span data-count="9+">
</span>
`;
