// Jest Snapshot v1, https://goo.gl/fbAQLP

exports[`Divider Preview smoke-test 1`] = `<hr aria-hidden="true">`;
