// Jest Snapshot v1, https://goo.gl/fbAQLP

exports[`Field Preview smoke-test 1`] = `
<div id="field--preview">
  <label data-weight="medium"
         for="my-textarea"
  >
    Label
  </label>
  <div data-field="description"
       id="my-textarea:description"
  >
    Description
  </div>
  <textarea id="my-textarea"
            aria-describedby="my-textarea:description"
  >
  </textarea>
</div>
`;
