// Jest Snapshot v1, https://goo.gl/fbAQLP

exports[`Input Preview smoke-test 1`] = `
<div>
  <label data-weight="medium"
         for="input--preview"
  >
    Input 1
  </label>
  <input type="text"
         id="input--preview"
  >
</div>
`;
