// Jest Snapshot v1, https://goo.gl/fbAQLP

exports[`Link Preview smoke-test 1`] = `
<a href="https://www.udir.no/">
  GÃ¥ til udir.no
</a>
`;
