// Jest Snapshot v1, https://goo.gl/fbAQLP

exports[`Table Preview smoke-test 1`] = `
<table>
  <thead>
    <tr>
      <th>
        Header 1
      </th>
      <th>
        Header 2
      </th>
    </tr>
  </thead>
  <tbody>
    <tr>
      <td>
        Cell 1
      </td>
      <td>
        Cell 2
      </td>
    </tr>
  </tbody>
</table>
`;
