// Jest Snapshot v1, https://goo.gl/fbAQLP

exports[`typography/Paragraph Preview smoke-test 1`] = `
<p data-variant="default">
  Paragraph
</p>
`;
