// Vitest Snapshot v1, https://vitest.dev/guide/snapshot.html

exports[`Affix 1`] = `
<div>
  <label
    data-weight="medium"
    for="affix"
  >
    Hvor mange kroner koster det per måned?
  </label>
  <div>
    <span aria-hidden="true">
      NOK
    </span>
    <input
      id="affix"
      type="text"
    >
    <span aria-hidden="true">
      pr. mnd.
    </span>
  </div>
</div>
`;

exports[`Counter 1`] = `
<div>
  <label
    data-weight="medium"
    for="counter"
  >
    Legg til en beskrivelse
  </label>
  <textarea
    rows="2"
    id="counter"
    aria-describedby="counter:validation:1  counter:description:1"
  >
  </textarea>
  <div
    data-field="description"
    aria-live="polite"
    id="counter:description:1"
  >
  </div>
  <p
    data-variant="default"
    data-field="validation"
    id="counter:validation:1"
  >
    10 tegn igjen
  </p>
</div>
`;

exports[`Position 1`] = `
<div style="max-width: 200px; margin: auto;">
  <div data-position="end">
    <label
      data-weight="medium"
      for="airplane"
    >
      Flymodus
    </label>
    <input
      role="switch"
      id="airplane"
      type="checkbox"
    >
  </div>
  <hr aria-hidden="true">
  <div data-position="end">
    <label
      data-weight="medium"
      for="sounds"
    >
      Lydløs
    </label>
    <input
      role="switch"
      id="sounds"
      type="checkbox"
    >
  </div>
</div>
`;

exports[`Preview 1`] = `
<div>
  <label
    data-weight="medium"
    for="preview"
  >
    Etternavn
  </label>
  <div
    data-field="description"
    id="preview:description:1"
  >
    Etternavn kan ikke inneholde mellomrom
  </div>
  <input
    id="preview"
    type="text"
    value="Nordmann Svenske"
    aria-describedby="preview:validation:1  preview:description:1"
  >
  <p
    data-field="validation"
    id="preview:validation:1"
  >
    Du kan ikke ha mellomrom i etternavnet ditt
  </p>
</div>
`;
