// Vitest Snapshot v1, https://vitest.dev/guide/snapshot.html

exports[`Preview 1`] = `
<p data-variant="default">
  Paragraph
</p>
`;
