// Vitest Snapshot v1, https://vitest.dev/guide/snapshot.html

exports[`Preview 1`] = `
<span
  aria-hidden="true"
  data-variant="rectangle"
>
</span>
`;
