// Jest Snapshot v1, https://goo.gl/fbAQLP

exports[`action/Button Button play-test 1`] = `
<button type="button">
  Action
</button>
`;
