// Jest Snapshot v1, https://goo.gl/fbAQLP

exports[`Avatar Preview smoke-test 1`] = `
<span data-variant="circle"
      data-color="accent"
      data-size="md"
      role="img"
      aria-label="Ola Nordmann"
>
</span>
`;
