// Jest Snapshot v1, https://goo.gl/fbAQLP

exports[`components/Button Button play-test 1`] = `
<button data-variant="primary"
        type="button"
>
  Action
</button>
`;
