// Jest Snapshot v1, https://goo.gl/fbAQLP

exports[`components/Chip Preview smoke-test 1`] = `
<button type="button">
  Chip.Button
</button>
`;
