// Jest Snapshot v1, https://goo.gl/fbAQLP

exports[`components/typography/ValidationMessage Preview smoke-test 1`] = `
<p data-field="validation">
  ValidationMessage
</p>
`;
