// Jest Snapshot v1, https://goo.gl/fbAQLP

exports[`components/typography/Label Preview smoke-test 1`] = `
<label data-weight="medium">
  Label
</label>
`;
