// Jest Snapshot v1, https://goo.gl/fbAQLP

exports[`components/Avatar Preview smoke-test 1`] = `
<span data-variant="circle"
      role="img"
      aria-label="Ola Nordmann"
>
</span>
`;
