// Jest Snapshot v1, https://goo.gl/fbAQLP

exports[`components/typography/Heading Preview smoke-test 1`] = `
<h2>
  Heading
</h2>
`;
