// Jest Snapshot v1, https://goo.gl/fbAQLP

exports[`demo/DemoPage Simple smoke-test 1`] = `
<div data-size="sm"
     data-color-scheme="auto"
>
  <div>
    <fieldset>
      <legend data-weight="medium">
        Handleliste
      </legend>
      <div>
        <input type="checkbox"
               id="potet"
               value="potet"
        >
        <label data-weight="regular"
               for="potet"
        >
          En kilo poteter
        </label>
      </div>
      <div>
        <input type="checkbox"
               id="farris"
               value="farris"
        >
        <label data-weight="regular"
               for="farris"
        >
          To liter Farris
        </label>
      </div>
      <div>
        <input type="checkbox"
               id="blomkol"
               value="blomkol"
               checked
        >
        <label data-weight="regular"
               for="blomkol"
        >
          Blomkål
        </label>
      </div>
      <div>
        <input type="checkbox"
               id="pizza"
               value="pizza"
               checked
        >
        <label data-weight="regular"
               for="pizza"
        >
          Pizza
        </label>
      </div>
      <div>
        <input type="checkbox"
               id="melk"
               value="melk"
               checked
        >
        <label data-weight="regular"
               for="melk"
        >
          Tre liter lettmelk
        </label>
      </div>
      <hr aria-hidden="true">
      <div>
        <input type="checkbox"
               id="smagodt"
               value="smagodt"
        >
        <label data-weight="regular"
               for="smagodt"
        >
          2kg smågodt
        </label>
      </div>
      <div>
        <input type="checkbox"
               id="smash"
               value="smash"
        >
        <label data-weight="regular"
               for="smash"
        >
          10 poser med Smash
        </label>
      </div>
    </fieldset>
  </div>
  <div>
    <h2>
      Opprett ny bruker
    </h2>
    <div>
      <label data-weight="medium"
             for="name"
      >
        Navn
      </label>
      <div>
        <input type="text"
               id="name"
               placeholder="Ola Normann"
        >
      </div>
    </div>
    <div>
      <label data-weight="medium"
             for="email"
      >
        E-post
      </label>
      <div>
        <input type="email"
               id="email"
               placeholder="ola@norge.no"
        >
      </div>
    </div>
    <a href="#">
      Glemt passord?
    </a>
    <button data-variant="primary"
            type="button"
    >
      Opprett ny bruker
    </button>
  </div>
  <div>
    <h2>
      Hva kan vi hjelpe deg med?
    </h2>
    <div>
      <div data-color="brand1">
        <h2>
          Sikkerhet og drift
        </h2>
        <p data-variant="default">
          Most provide as with carried business are much better more the perfected designer. Writing slightly explain.
        </p>
      </div>
      <div data-color="brand2">
        <h2>
          Skole og utdanning
        </h2>
        <p data-variant="default">
          Most provide as with carried business are much better more the perfected designer. Writing slightly explain.
        </p>
      </div>
      <div data-color="brand3">
        <h2>
          Mat og helse
        </h2>
        <p data-variant="default">
          Most provide as with carried business are much better more the perfected designer. Writing slightly explain.
        </p>
      </div>
    </div>
  </div>
</div>
`;
