// Jest Snapshot v1, https://goo.gl/fbAQLP

exports[`List Preview smoke-test 1`] = `
<ul>
  <li>
    List Item 1
  </li>
  <li>
    List Item 2
  </li>
  <li>
    List Item 3
  </li>
</ul>
`;
