// Jest Snapshot v1, https://goo.gl/fbAQLP

exports[`Select Preview smoke-test 1`] = `
<div>
  <label data-weight="medium"
         for="select--preview"
  >
    Velg et fjell
  </label>
  <select id="select--preview">
    <option value="blank">
      Velg â€¦
    </option>
    <option value="everest">
      Mount Everest
    </option>
    <option value="aconcagua">
      Aconcagua
    </option>
    <option value="denali">
      Denali
    </option>
    <option value="kilimanjaro">
      Kilimanjaro
    </option>
    <option value="elbrus">
      Elbrus
    </option>
    <option value="vinson">
      Mount Vinson
    </option>
    <option value="puncakjaya">
      Puncak Jaya
    </option>
    <option value="kosciuszko">
      Mount Kosciuszko
    </option>
  </select>
</div>
`;
