// Jest Snapshot v1, https://goo.gl/fbAQLP

exports[`typography/ValidationMessage Preview smoke-test 1`] = `
<div data-field="validation">
  ValidationMessage
</p>
`;
